// Jest Snapshot v1, https://goo.gl/fbAQLP

exports[`expect to render the CardList component 1`] = `
<div>
  <Card
    email="jorge@gmail.com"
    id={1}
    key="0"
    name="Jorge"
  />
</div>
`;
